// Jest Snapshot v1, https://goo.gl/fbAQLP

exports[`should correctly render LoginPage 1`] = `
<div>
  <h1>
    Expensify App
  </h1>
  <p>
    It's time to get your expenses under control.
  </p>
  <button
    onClick={[MockFunction]}
  >
    Login with Google
  </button>
</div>
`;
